[backblue.gif]
[fade.gif]
[index.html]
[woodshedentertainment.com/feed/index.html]
[woodshedentertainment.com/comments/feed/index.html]
[woodshedentertainment.com/home/feed/index.html]
[woodshedentertainment.com/wp-content/uploads/2014/01/logotrans1.png]
[woodshedentertainment.com/wp-content/themes/cesar/images/mobile_menu.png]
[woodshedentertainment.com/wp-content/uploads/2014/09/KMART_Ladies-Man.jpg]
[woodshedentertainment.com/wp-content/uploads/2014/09/2_TheNormals_Lunch.jpg]
[woodshedentertainment.com/wp-content/uploads/2014/09/google-glass-19201.jpg]
[woodshedentertainment.com/wp-content/uploads/2014/09/MOGWAI-EDIT.jpg]
[woodshedentertainment.com/wp-content/uploads/2014/09/Engram.jpg]
[woodshedentertainment.com/wp-content/uploads/2014/09/93Worth-IGI1.jpg]
[woodshedentertainment.com/wp-content/uploads/2014/09/FRIEZE.jpg]
[woodshedentertainment.com/wp-content/uploads/2014/09/BIWHM-BTS1.jpg]
[woodshedentertainment.com/wp-content/uploads/2014/09/NYFC_2013_Scopetta.jpg]
[woodshedentertainment.com/wp-content/uploads/2014/09/NEUTRAL.jpg]
[woodshedentertainment.com/wp-content/uploads/2014/01/logo.gif]
[woodshedentertainment.com/wp-content/themes/cesar/images/social/linkedin.png]
[woodshedentertainment.com/wp-content/themes/cesar/images/social/vimeo.png]
[woodshedentertainment.com/wp-content/themes/cesar/images/social/facebook.png]
[woodshedentertainment.com/wp-content/themes/cesar/images/social/twitter.png]
[woodshedentertainment.com/wp-content/themes/cesar/images/social/tumblr.png]
[woodshedentertainment.com/wp-content/themes/cesar/images/arrow_up_24x24.png]
[woodshedentertainment.com/index.html]
[woodshedentertainment.com/wp-content/themes/cesar/style.css]
[woodshedentertainment.com/xmlrpc.html]
[woodshedentertainment.com/wp-content/plugins/recent-facebook-posts/assets/css/default09e1.css]
[woodshedentertainment.com/wp-content/plugins/ultimate-photo-widget-by-eth/css/upwbyeth_widget_style0ce3.css]
[woodshedentertainment.com/wp-content/plugins/recent-facebook-posts/assets/img/fb-sprite.png]
[woodshedentertainment.com/wp-content/plugins/advanced-responsive-video-embedder/public/assets/js/backgroundsize.min.htc]
[woodshedentertainment.com/wp-content/plugins/advanced-responsive-video-embedder/public/assets/css/publicd227.css]
[woodshedentertainment.com/wp-content/themes/cesar/plugins/LayerSlider/css/blank.gif]
[woodshedentertainment.com/wp-content/themes/cesar/plugins/LayerSlider/css/layerslider89df.css]
[woodshedentertainment.com/wp-content/themes/cesar/style1576.css]
[woodshedentertainment.com/wp-content/themes/cesar/js/fancybox/fancybox_sprite.png]
[woodshedentertainment.com/wp-content/themes/cesar/js/fancybox/fancybox_loading.gif]
[woodshedentertainment.com/wp-content/themes/cesar/js/fancybox/blank.gif]
[woodshedentertainment.com/wp-content/themes/cesar/js/fancybox/jquery.fancybox1576.css]
[woodshedentertainment.com/wp-content/themes/cesar/js/fancybox/jquery.fancybox-thumbs1576.css]
[woodshedentertainment.com/wp-content/themes/cesar/images/loading.gif]
[woodshedentertainment.com/wp-content/themes/cesar/images/thumb-back.png]
[woodshedentertainment.com/wp-content/themes/cesar/images/thumb-forward.png]
[woodshedentertainment.com/wp-content/themes/cesar/css/supersized1576.css]
[woodshedentertainment.com/wp-content/themes/cesar/images/patterns/ps_neutral_@2X.png]
[woodshedentertainment.com/wp-content/themes/cesar/templates/custom-css1576.css]
[woodshedentertainment.com/wp-content/themes/cesar/css/grid49ae.css]
[woodshedentertainment.com/wp-content/plugins/promotion-slider/css/images/nav.png]
[woodshedentertainment.com/wp-content/plugins/promotion-slider/css/images/prev.png]
[woodshedentertainment.com/wp-content/plugins/promotion-slider/css/images/next.png]
[woodshedentertainment.com/wp-content/plugins/promotion-slider/css/images/slide.png]
[woodshedentertainment.com/wp-content/plugins/promotion-slider/css/slider49ae.css]
[woodshedentertainment.com/wp-content/plugins/ultimate-browser-specific-css/script/brower-specific-css49ae.js]
[woodshedentertainment.com/wp-content/plugins/ultimate-photo-widget-by-eth/js/upwbyeth_tiles_and_slideshow0ce3.js]
[woodshedentertainment.com/wp-content/themes/cesar/plugins/LayerSlider/js/layerslider.kreaturamedia.jquery89df.js]
[woodshedentertainment.com/wp-content/plugins/promotion-slider/css/images/title.png]
[woodshedentertainment.com/wp-content/themes/cesar/plugins/LayerSlider/js/jquery-easing-1.36f3e.js]
[woodshedentertainment.com/wp-content/themes/cesar/plugins/LayerSlider/js/jquerytransite2dc.js]
[woodshedentertainment.com/wp-content/themes/cesar/plugins/LayerSlider/js/layerslider.transitions89df.js]
[woodshedentertainment.com/wp-content/plugins/promotion-slider/js/promoslider49ae.js]
[woodshedentertainment.com/xmlrpc0db0.html]
[woodshedentertainment.com/wp-content/uploads/2014/01/aboutimg.png]
[woodshedentertainment.com/about/feed/index.html]
[woodshedentertainment.com/about/index.html]
[woodshedentertainment.com/indexcbb6.html]
[woodshedentertainment.com/wp-content/plugins/browser-specific-css/css_browser_selector.js]
[woodshedentertainment.com/wp-content/themes/cesar/css/safari-grid.css]
[woodshedentertainment.com/wp-content/uploads/2014/02/BIWHM-FEATURE_1920-373x210.jpg]
[woodshedentertainment.com/wp-content/uploads/2014/01/2_TheNormals_Lunch_1920-373x210.jpg]
[woodshedentertainment.com/wp-content/uploads/2014/01/BIWHM-BTS_19201-373x210.jpg]
[woodshedentertainment.com/wp-content/uploads/2014/02/8_Stuck_In_Neutral_1920-373x210.jpg]
[woodshedentertainment.com/wp-content/uploads/2014/05/Mogwai-373x210.jpg]
[woodshedentertainment.com/wp-content/uploads/2014/01/ENGRAM_19201-373x210.jpg]
[woodshedentertainment.com/wp-content/uploads/2014/01/chickenpox-373x210.png]
[woodshedentertainment.com/wp-content/uploads/2014/01/The-Edge-of-Town_1920-373x210.jpg]
[woodshedentertainment.com/wp-content/uploads/2014/01/Minimall-Minivan_1920-373x210.jpg]
[woodshedentertainment.com/film/index.html]
[woodshedentertainment.com/film/feed/index.html]
[woodshedentertainment.com/wp-content/uploads/2014/01/KMART_Ladies-Man-373x210.png]
[woodshedentertainment.com/wp-content/uploads/2014/01/KMART_2Kids1-373x210.png]
[woodshedentertainment.com/wp-content/uploads/2014/01/KMART_Neighbor1-373x210.png]
[woodshedentertainment.com/wp-content/uploads/2014/07/Screen-Shot-2014-07-07-at-9.42.43-AM-373x210.png]
[woodshedentertainment.com/wp-content/uploads/2014/01/93Worth-IGI-373x210.png]
[woodshedentertainment.com/wp-content/uploads/2014/01/93Worth-Building-373x210.png]
[woodshedentertainment.com/wp-content/uploads/2014/01/93Worth-The-History-373x210.png]
[woodshedentertainment.com/wp-content/uploads/2014/01/93Worth-Neighborhood-373x210.png]
[woodshedentertainment.com/wp-content/uploads/2014/01/FRIEZE1-393x210.jpg]
[woodshedentertainment.com/wp-content/uploads/2014/01/Ability-373x210.png]
[woodshedentertainment.com/wp-content/uploads/2014/01/NYFC_2013_Scopetta-373x210.png]
[woodshedentertainment.com/wp-content/uploads/2014/01/NYFC20121-373x210.jpg]
[woodshedentertainment.com/wp-content/uploads/2014/01/NYFC2011-373x210.png]
[woodshedentertainment.com/wp-content/uploads/2014/01/NYFC2010-373x210.png]
[woodshedentertainment.com/wp-content/uploads/2014/01/LOreal-Smokey-EYE-373x210.png]
[woodshedentertainment.com/wp-content/uploads/2014/01/LOreal-Shadow-373x210.png]
[woodshedentertainment.com/wp-content/uploads/2014/01/LOreal-Clarisonic-373x210.png]
[woodshedentertainment.com/commercial/index.html]
[woodshedentertainment.com/kmart-pa-ladies-man/index.html]
[woodshedentertainment.com/wp-content/uploads/2014/01/itunes.png]
[woodshedentertainment.com/wp-content/uploads/2014/01/500px-Amazon_com_logo_svg-300x70.png]
[woodshedentertainment.com/wp-content/uploads/2014/01/vudu_logo1.png]
[woodshedentertainment.com/wp-content/uploads/2014/01/transparent_youtube_logo-1280x905.png]
[woodshedentertainment.com/wp-content/uploads/2014/01/640px-Current_Xbox_360_Logo-300x60.png]
[woodshedentertainment.com/wp-content/uploads/2014/01/300px-Best_Buy_Logo.svg_.png]
[woodshedentertainment.com/the-normals-feature-film/index.html]
[woodshedentertainment.com/google-glass/index.html]
[woodshedentertainment.com/mogwai-simon-ferocious/index.html]
[woodshedentertainment.com/engram/index.html]
[woodshedentertainment.com/93-worth/index.html]
[woodshedentertainment.com/commercial/feed/index.html]
[woodshedentertainment.com/wp-content/uploads/2014/01/FRIEZE1-1024x546.jpg]
[woodshedentertainment.com/254-2/index.html]
[woodshedentertainment.com/wp-content/uploads/2014/01/netflix-logo-300x168.png]
[woodshedentertainment.com/wp-content/uploads/2014/01/180px-Hulu_logo.png]
[woodshedentertainment.com/brief-interviews-with-hideous-men-2/index.html]
[woodshedentertainment.com/indexb950.html]
[woodshedentertainment.com/index60bd.html]
[woodshedentertainment.com/wp-content/themes/cesar/js/jquery.ui1576.js]
[woodshedentertainment.com/kmart-pa-ladies-man/feed/index.html]
[woodshedentertainment.com/the-normals-feature-film/feed/index.html]
[woodshedentertainment.com/wp-content/themes/cesar/js/jwplayer1576.js]
[woodshedentertainment.com/wp-content/themes/cesar/js/fancybox/jquery.fancybox.pack1576.js]
[woodshedentertainment.com/wp-content/themes/cesar/js/fancybox/jquery.fancybox-thumbs1576.js]
[woodshedentertainment.com/google-glass/feed/index.html]
[woodshedentertainment.com/wp-content/themes/cesar/js/fancybox/jquery.mousewheel-3.0.6.pack1576.js]
[woodshedentertainment.com/wp-content/themes/cesar/js/jquery.touchwipe.1.1.11576.js]
[woodshedentertainment.com/mogwai-simon-ferocious/feed/index.html]
[woodshedentertainment.com/wp-content/themes/cesar/js/gmap1576.js]
[woodshedentertainment.com/wp-content/themes/cesar/js/jquery.validate1576.js]
[woodshedentertainment.com/engram/feed/index.html]
[woodshedentertainment.com/wp-content/themes/cesar/js/browser1576.js]
[woodshedentertainment.com/wp-content/themes/cesar/js/jquery.backstretch1576.js]
[woodshedentertainment.com/wp-content/themes/cesar/js/hint1576.js]
[woodshedentertainment.com/93-worth/feed/index.html]
[woodshedentertainment.com/wp-content/themes/cesar/js/jquery.flip.min1576.js]
[woodshedentertainment.com/wp-content/themes/cesar/js/jquery.ppflip1576.js]
[woodshedentertainment.com/wp-content/themes/cesar/js/jquery.isotope1576.js]
[woodshedentertainment.com/254-2/feed/index.html]
[woodshedentertainment.com/wp-content/themes/cesar/js/supersized.3.1.31576.js]
[woodshedentertainment.com/wp-content/themes/cesar/js/supersized.shutter1576.js]
[woodshedentertainment.com/brief-interviews-with-hideous-men-2/feed/index.html]
[woodshedentertainment.com/wp-content/themes/cesar/js/jquery.masory1576.js]
[woodshedentertainment.com/wp-content/themes/cesar/js/fluidvids1576.js]
[woodshedentertainment.com/wp-content/themes/cesar/js/custom1576.js]
[woodshedentertainment.com/wp-content/themes/cesar/images/icon_twitter_bird.png]
[woodshedentertainment.com/wp-content/themes/cesar/images/flip/pattern.png]
[woodshedentertainment.com/wp-content/themes/cesar/images/flip/bg_content.png]
[woodshedentertainment.com/wp-content/themes/cesar/images/flip/nav.png]
[woodshedentertainment.com/wp-content/themes/cesar/images/flip/icons.png]
[woodshedentertainment.com/wp-content/themes/cesar/images/fullscreen_caption_bg.png]
[woodshedentertainment.com/wp-content/themes/cesar/images/sound_off.png]
[woodshedentertainment.com/wp-content/themes/cesar/images/sound_on.png]
[woodshedentertainment.com/wp-content/themes/cesar/css/screen.css]
[woodshedentertainment.com/wp-content/themes/cesar/js/fancybox/fancybox_overlay.html]
[woodshedentertainment.com/wp-content/themes/cesar/images/logos.jpg]
[woodshedentertainment.com/92/index.html]
[woodshedentertainment.com/6s/index.html]
[woodshedentertainment.com/5W/cM/index.html]
[woodshedentertainment.com/index735a.html]
[woodshedentertainment.com/wp-content/uploads/2014/01/ps_neutral_@2X.png]
[woodshedentertainment.com/wp-content/themes/cesar/templates/script-static-bg26b7.js]
[woodshedentertainment.com/gecko/index.html]
[woodshedentertainment.com/applewebkit/index.html]
[woodshedentertainment.com/mozilla/index.html]
[woodshedentertainment.com/new-yorkers-for-children-2013/index.html]
[woodshedentertainment.com/index421d.html]
[woodshedentertainment.com/index4e6a.html]
[woodshedentertainment.com/index3440.html]
[woodshedentertainment.com/index8e1b.html]
[woodshedentertainment.com/index8c34.html]
[woodshedentertainment.com/indexd5db.html]
[woodshedentertainment.com/index4580.html]
[woodshedentertainment.com/new-yorkers-for-children-2010/index.html]
[woodshedentertainment.com/new-yorkers-for-children-2013/feed/index.html]
[woodshedentertainment.com/new-yorkers-for-children-2010/feed/index.html]
[woodshedentertainment.com/wp-content/uploads/2014/02/8_Stuck_In_Neutral_1920-1024x576.jpg]
[woodshedentertainment.com/stuck-in-neutral/index.html]
[woodshedentertainment.com/stuck-in-neutral/feed/index.html]
[woodshedentertainment.com/index2915.html]
[woodshedentertainment.com/index80c9.html]
[woodshedentertainment.com/index5f0f.html]
[woodshedentertainment.com/index1639.html]
[woodshedentertainment.com/index4978.html]
[woodshedentertainment.com/index88a0.html]
[woodshedentertainment.com/indexcf9a.html]
[woodshedentertainment.com/indexc807.html]
[woodshedentertainment.com/index6233.html]
[woodshedentertainment.com/indexa943.html]
[woodshedentertainment.com/index0776.html]
[woodshedentertainment.com/index9076.html]
[woodshedentertainment.com/index73fa.html]
[woodshedentertainment.com/index548d.html]
[woodshedentertainment.com/indexc61d.html]
[woodshedentertainment.com/indexc524.html]
[woodshedentertainment.com/minimall-minivan/index.html]
[woodshedentertainment.com/minimall-minivan/feed/index.html]
[woodshedentertainment.com/kmart-pa-santa/index.html]
[woodshedentertainment.com/kmart-pa-santa/feed/index.html]
[woodshedentertainment.com/brief-interviews-with-hideous-men/index.html]
[woodshedentertainment.com/brief-interviews-with-hideous-men/feed/index.html]
[woodshedentertainment.com/the-edge-of-town/index.html]
[woodshedentertainment.com/the-edge-of-town/feed/index.html]
[woodshedentertainment.com/wp-content/plugins/advanced-responsive-video-embedder/public/assets/js/lazyloadd227.js]
[woodshedentertainment.com/index0d79.html]
[woodshedentertainment.com/index5ff4.html]
[woodshedentertainment.com/loreal-how-to-do-a-smokey-eye/index.html]
[woodshedentertainment.com/loreal-how-to-do-a-smokey-eye/feed/index.html]
[woodshedentertainment.com/loreal-what-color-shadow/index.html]
[woodshedentertainment.com/loreal-what-color-shadow/feed/index.html]
[woodshedentertainment.com/kmart-pa-man-in-yard/index.html]
[woodshedentertainment.com/kmart-pa-man-in-yard/feed/index.html]
[woodshedentertainment.com/93-worth-the-building/index.html]
[woodshedentertainment.com/93-worth-the-building/feed/index.html]
[woodshedentertainment.com/ability-network-connections/index.html]
[woodshedentertainment.com/ability-network-connections/feed/index.html]
[woodshedentertainment.com/index1caa.html]
[woodshedentertainment.com/GET.html]
[woodshedentertainment.com/youtu.be/index.html]
[woodshedentertainment.com/%.html]
[woodshedentertainment.com/v/index.html]
[woodshedentertainment.com/wp-content/themes/cesar/images/slider_bullet_nav.html]
[woodshedentertainment.com/wp-content/themes/cesar/js/fullscreen/ajax-loader_dark.html]
[woodshedentertainment.com/chicken-pox/index.html]
[woodshedentertainment.com/new-yorkers-for-children-2011/index.html]
[woodshedentertainment.com/93-worth-the-history/index.html]
[woodshedentertainment.com/93-worth-the-neighborhood/index.html]
[woodshedentertainment.com/chicken-pox/feed/index.html]
[woodshedentertainment.com/new-yorkers-for-children-2011/feed/index.html]
[woodshedentertainment.com/93-worth-the-history/feed/index.html]
[woodshedentertainment.com/93-worth-the-neighborhood/feed/index.html]
[woodshedentertainment.com/new-yorkers-for-children-2012/index.html]
[woodshedentertainment.com/new-yorkers-for-children-2012/feed/index.html]
[woodshedentertainment.com/loreal-what-is-clarisonic/index.html]
[woodshedentertainment.com/loreal-what-is-clarisonic/feed/index.html]
